==============================================================================
Suites                                                                        
==============================================================================
Suites.Ssjae Copy :: Casos de Prueba Proyecto SSJAE                           
==============================================================================
CC001 SSJAE (SISTEMA SSJAE 001)(HAPPY PATH) :: PRUEBA SSJAE 001 (H... | FAIL |
Element with locator 'xpath=//input[contains(@id,'buscarfecha:anio')]' not found.
------------------------------------------------------------------------------
CC002 SSJAE (SISTEMA SSJAE 002)(VERSIÓN COMPLETA ) :: PRUEBA SSJAE... | FAIL |
ValueError: I/O operation on closed file.
------------------------------------------------------------------------------
CC003 SSJAE (SISTEMA SSJAE 003)(Categorías) :: PRUEBA SSJAE 003 (C... | FAIL |
Execution terminated by signal
------------------------------------------------------------------------------
CC004 SSJAE (SISTEMA SSJAE 004)(HAPPY PATH EXCEL) :: PRUEBA SSJAE ... | FAIL |
Test execution stopped due to a fatal error.
------------------------------------------------------------------------------
Suites.Ssjae Copy :: Casos de Prueba Proyecto SSJAE                   | FAIL |
4 critical tests, 0 passed, 4 failed
4 tests total, 0 passed, 4 failed
==============================================================================
Suites                                                                | FAIL |
4 critical tests, 0 passed, 4 failed
4 tests total, 0 passed, 4 failed
==============================================================================
Output:  C:\Test_ssjae\test\resultados\pabot_results\Suites.Ssjae Copy\output.xml
